// Jest Snapshot v1, https://goo.gl/fbAQLP

exports[`Gates tests Gates renders without crushing 1`] = `
<div
  className="field"
>
  <div
    className="row"
    tabIndex="1"
  >
    <div
      className="wall"
    >
      <div
        className="stone"
      />
      <div
        className="stone"
      />
      <div
        className="stone-half"
      />
      <div
        className="stone"
      />
      <div
        className="stone-half"
      />
      <div
        className="stone"
      />
      <div
        className="stone"
      />
      <div
        className="stone-half"
      />
      <div
        className="stone"
      />
      <div
        className="stone-half"
      />
    </div>
    <div
      className="way feed"
    >
      <div />
    </div>
    <div
      className="wall"
    >
      <div
        className="stone"
      />
      <div
        className="stone"
      />
      <div
        className="stone-half"
      />
      <div
        className="stone"
      />
      <div
        className="stone-half"
      />
      <div
        className="stone"
      />
      <div
        className="stone"
      />
      <div
        className="stone-half"
      />
      <div
        className="stone"
      />
      <div
        className="stone-half"
      />
    </div>
    <div
      className="way empty"
    >
      <div />
    </div>
    <div
      className="way empty"
    >
      <div />
    </div>
    <div
      className="way empty"
    >
      <div />
    </div>
    <div
      className="way empty"
    >
      <div />
    </div>
    <div
      className="way empty"
    >
      <div />
    </div>
    <div
      className="way empty"
    >
      <div />
    </div>
    <div
      className="way empty"
    >
      <div />
    </div>
    <div
      className="wall"
    >
      <div
        className="stone"
      />
      <div
        className="stone"
      />
      <div
        className="stone-half"
      />
      <div
        className="stone"
      />
      <div
        className="stone-half"
      />
      <div
        className="stone"
      />
      <div
        className="stone"
      />
      <div
        className="stone-half"
      />
      <div
        className="stone"
      />
      <div
        className="stone-half"
      />
    </div>
    <div
      className="way feed"
    >
      <div />
    </div>
    <div
      className="wall"
    >
      <div
        className="stone"
      />
      <div
        className="stone"
      />
      <div
        className="stone-half"
      />
      <div
        className="stone"
      />
      <div
        className="stone-half"
      />
      <div
        className="stone"
      />
      <div
        className="stone"
      />
      <div
        className="stone-half"
      />
      <div
        className="stone"
      />
      <div
        className="stone-half"
      />
    </div>
  </div>
  <div
    className="row"
    tabIndex="1"
  >
    <div
      className="wall"
    >
      <div
        className="stone"
      />
      <div
        className="stone"
      />
      <div
        className="stone-half"
      />
      <div
        className="stone"
      />
      <div
        className="stone-half"
      />
      <div
        className="stone"
      />
      <div
        className="stone"
      />
      <div
        className="stone-half"
      />
      <div
        className="stone"
      />
      <div
        className="stone-half"
      />
    </div>
    <div
      className="way feed"
    >
      <div />
    </div>
    <div
      className="wall"
    >
      <div
        className="stone"
      />
      <div
        className="stone"
      />
      <div
        className="stone-half"
      />
      <div
        className="stone"
      />
      <div
        className="stone-half"
      />
      <div
        className="stone"
      />
      <div
        className="stone"
      />
      <div
        className="stone-half"
      />
      <div
        className="stone"
      />
      <div
        className="stone-half"
      />
    </div>
    <div
      className="way empty"
    >
      <div />
    </div>
    <div
      className="wall"
    >
      <div
        className="stone"
      />
      <div
        className="stone"
      />
      <div
        className="stone-half"
      />
      <div
        className="stone"
      />
      <div
        className="stone-half"
      />
      <div
        className="stone"
      />
      <div
        className="stone"
      />
      <div
        className="stone-half"
      />
      <div
        className="stone"
      />
      <div
        className="stone-half"
      />
    </div>
    <div
      className="gates"
    >
      <div />
    </div>
    <div
      className="gates"
    >
      <div />
    </div>
    <div
      className="gates"
    >
      <div />
    </div>
    <div
      className="wall"
    >
      <div
        className="stone"
      />
      <div
        className="stone"
      />
      <div
        className="stone-half"
      />
      <div
        className="stone"
      />
      <div
        className="stone-half"
      />
      <div
        className="stone"
      />
      <div
        className="stone"
      />
      <div
        className="stone-half"
      />
      <div
        className="stone"
      />
      <div
        className="stone-half"
      />
    </div>
    <div
      className="way empty"
    >
      <div />
    </div>
    <div
      className="wall"
    >
      <div
        className="stone"
      />
      <div
        className="stone"
      />
      <div
        className="stone-half"
      />
      <div
        className="stone"
      />
      <div
        className="stone-half"
      />
      <div
        className="stone"
      />
      <div
        className="stone"
      />
      <div
        className="stone-half"
      />
      <div
        className="stone"
      />
      <div
        className="stone-half"
      />
    </div>
    <div
      className="way feed"
    >
      <div />
    </div>
    <div
      className="wall"
    >
      <div
        className="stone"
      />
      <div
        className="stone"
      />
      <div
        className="stone-half"
      />
      <div
        className="stone"
      />
      <div
        className="stone-half"
      />
      <div
        className="stone"
      />
      <div
        className="stone"
      />
      <div
        className="stone-half"
      />
      <div
        className="stone"
      />
      <div
        className="stone-half"
      />
    </div>
  </div>
</div>
`;
