// Jest Snapshot v1, https://goo.gl/fbAQLP

exports[`Spider tests Spider rendered without crushing 1`] = `
<div
  className="spider red move-top"
  onAnimationEnd={[Function]}
  style={
    Object {
      "left": "undefinedrem",
      "top": "undefinedrem",
    }
  }
>
  <div
    className="body"
  >
    <div
      className="eyes"
    >
      <div
        className="pupils"
      />
    </div>
    <div
      className="eyes"
    >
      <div
        className="pupils"
      />
    </div>
  </div>
  <div
    className="bottom"
  >
    <div
      className="claws"
    >
      <div
        className="claw"
      />
      <div
        className="claw"
      />
      <div
        className="claw"
      />
      <div
        className="claw"
      />
    </div>
  </div>
</div>
`;
