// Jest Snapshot v1, https://goo.gl/fbAQLP

exports[`Spider tests Spider rendered without crushing 1`] = `
<div
  className="spider spider-red move-top"
  onAnimationEnd={[Function]}
  style={
    Object {
      "left": "0rem",
      "top": "0rem",
    }
  }
>
  <div
    className="spider-body"
  >
    <div
      className="spider-eyes"
    >
      <div
        className="spider-pupils"
      />
    </div>
    <div
      className="spider-eyes"
    >
      <div
        className="spider-pupils"
      />
    </div>
  </div>
  <div
    className="spider-bottom"
  >
    <div
      className="spider-claws"
    >
      <div
        className="spider-claw"
      />
      <div
        className="spider-claw"
      />
      <div
        className="spider-claw"
      />
      <div
        className="spider-claw"
      />
    </div>
  </div>
</div>
`;
