// Jest Snapshot v1, https://goo.gl/fbAQLP

exports[`App renders without crashing 1`] = `
<div
  className="App"
>
  <div
    className="field"
  >
    <div
      className="pacman  move-no"
      onAnimationEnd={[Function]}
      style={
        Object {
          "left": "24rem",
          "top": "32rem",
        }
      }
    >
      <div
        className="turn-no"
      >
        <div
          className="top"
        >
          •
        </div>
        <div
          className="bottom"
        />
      </div>
    </div>
    <div
      className="spider  red move-up turn-up"
      onAnimationEnd={[Function]}
      style={
        Object {
          "left": "24rem",
          "top": "24rem",
        }
      }
    >
      <div
        className="body"
      >
        <div
          className="eyes"
        >
          <div
            className="pupils"
          />
        </div>
        <div
          className="eyes"
        >
          <div
            className="pupils"
          />
        </div>
      </div>
      <div
        className="bottom"
      >
        <div
          className="claws"
        >
          <div
            className="claw"
          />
          <div
            className="claw"
          />
          <div
            className="claw"
          />
          <div
            className="claw"
          />
        </div>
      </div>
    </div>
    <div
      className="spider  green move-up turn-up"
      onAnimationEnd={[Function]}
      style={
        Object {
          "left": "24rem",
          "top": "24rem",
        }
      }
    >
      <div
        className="body"
      >
        <div
          className="eyes"
        >
          <div
            className="pupils"
          />
        </div>
        <div
          className="eyes"
        >
          <div
            className="pupils"
          />
        </div>
      </div>
      <div
        className="bottom"
      >
        <div
          className="claws"
        >
          <div
            className="claw"
          />
          <div
            className="claw"
          />
          <div
            className="claw"
          />
          <div
            className="claw"
          />
        </div>
      </div>
    </div>
    <div
      className="spider  orange move-up turn-up"
      onAnimationEnd={[Function]}
      style={
        Object {
          "left": "20rem",
          "top": "24rem",
        }
      }
    >
      <div
        className="body"
      >
        <div
          className="eyes"
        >
          <div
            className="pupils"
          />
        </div>
        <div
          className="eyes"
        >
          <div
            className="pupils"
          />
        </div>
      </div>
      <div
        className="bottom"
      >
        <div
          className="claws"
        >
          <div
            className="claw"
          />
          <div
            className="claw"
          />
          <div
            className="claw"
          />
          <div
            className="claw"
          />
        </div>
      </div>
    </div>
    <div
      className="spider  blue move-up turn-up"
      onAnimationEnd={[Function]}
      style={
        Object {
          "left": "28rem",
          "top": "24rem",
        }
      }
    >
      <div
        className="body"
      >
        <div
          className="eyes"
        >
          <div
            className="pupils"
          />
        </div>
        <div
          className="eyes"
        >
          <div
            className="pupils"
          />
        </div>
      </div>
      <div
        className="bottom"
      >
        <div
          className="claws"
        >
          <div
            className="claw"
          />
          <div
            className="claw"
          />
          <div
            className="claw"
          />
          <div
            className="claw"
          />
        </div>
      </div>
    </div>
    <div
      className="row"
      tabIndex="1"
    >
      <div
        className="wall"
      >
        <div
          className="stone"
        />
        <div
          className="stone"
        />
        <div
          className="stone-half"
        />
        <div
          className="stone"
        />
        <div
          className="stone-half"
        />
        <div
          className="stone"
        />
        <div
          className="stone"
        />
        <div
          className="stone-half"
        />
        <div
          className="stone"
        />
        <div
          className="stone-half"
        />
      </div>
      <div
        className="wall"
      >
        <div
          className="stone"
        />
        <div
          className="stone"
        />
        <div
          className="stone-half"
        />
        <div
          className="stone"
        />
        <div
          className="stone-half"
        />
        <div
          className="stone"
        />
        <div
          className="stone"
        />
        <div
          className="stone-half"
        />
        <div
          className="stone"
        />
        <div
          className="stone-half"
        />
      </div>
      <div
        className="wall"
      >
        <div
          className="stone"
        />
        <div
          className="stone"
        />
        <div
          className="stone-half"
        />
        <div
          className="stone"
        />
        <div
          className="stone-half"
        />
        <div
          className="stone"
        />
        <div
          className="stone"
        />
        <div
          className="stone-half"
        />
        <div
          className="stone"
        />
        <div
          className="stone-half"
        />
      </div>
      <div
        className="wall"
      >
        <div
          className="stone"
        />
        <div
          className="stone"
        />
        <div
          className="stone-half"
        />
        <div
          className="stone"
        />
        <div
          className="stone-half"
        />
        <div
          className="stone"
        />
        <div
          className="stone"
        />
        <div
          className="stone-half"
        />
        <div
          className="stone"
        />
        <div
          className="stone-half"
        />
      </div>
      <div
        className="wall"
      >
        <div
          className="stone"
        />
        <div
          className="stone"
        />
        <div
          className="stone-half"
        />
        <div
          className="stone"
        />
        <div
          className="stone-half"
        />
        <div
          className="stone"
        />
        <div
          className="stone"
        />
        <div
          className="stone-half"
        />
        <div
          className="stone"
        />
        <div
          className="stone-half"
        />
      </div>
      <div
        className="wall"
      >
        <div
          className="stone"
        />
        <div
          className="stone"
        />
        <div
          className="stone-half"
        />
        <div
          className="stone"
        />
        <div
          className="stone-half"
        />
        <div
          className="stone"
        />
        <div
          className="stone"
        />
        <div
          className="stone-half"
        />
        <div
          className="stone"
        />
        <div
          className="stone-half"
        />
      </div>
      <div
        className="wall"
      >
        <div
          className="stone"
        />
        <div
          className="stone"
        />
        <div
          className="stone-half"
        />
        <div
          className="stone"
        />
        <div
          className="stone-half"
        />
        <div
          className="stone"
        />
        <div
          className="stone"
        />
        <div
          className="stone-half"
        />
        <div
          className="stone"
        />
        <div
          className="stone-half"
        />
      </div>
      <div
        className="wall"
      >
        <div
          className="stone"
        />
        <div
          className="stone"
        />
        <div
          className="stone-half"
        />
        <div
          className="stone"
        />
        <div
          className="stone-half"
        />
        <div
          className="stone"
        />
        <div
          className="stone"
        />
        <div
          className="stone-half"
        />
        <div
          className="stone"
        />
        <div
          className="stone-half"
        />
      </div>
      <div
        className="wall"
      >
        <div
          className="stone"
        />
        <div
          className="stone"
        />
        <div
          className="stone-half"
        />
        <div
          className="stone"
        />
        <div
          className="stone-half"
        />
        <div
          className="stone"
        />
        <div
          className="stone"
        />
        <div
          className="stone-half"
        />
        <div
          className="stone"
        />
        <div
          className="stone-half"
        />
      </div>
      <div
        className="wall"
      >
        <div
          className="stone"
        />
        <div
          className="stone"
        />
        <div
          className="stone-half"
        />
        <div
          className="stone"
        />
        <div
          className="stone-half"
        />
        <div
          className="stone"
        />
        <div
          className="stone"
        />
        <div
          className="stone-half"
        />
        <div
          className="stone"
        />
        <div
          className="stone-half"
        />
      </div>
      <div
        className="wall"
      >
        <div
          className="stone"
        />
        <div
          className="stone"
        />
        <div
          className="stone-half"
        />
        <div
          className="stone"
        />
        <div
          className="stone-half"
        />
        <div
          className="stone"
        />
        <div
          className="stone"
        />
        <div
          className="stone-half"
        />
        <div
          className="stone"
        />
        <div
          className="stone-half"
        />
      </div>
      <div
        className="wall"
      >
        <div
          className="stone"
        />
        <div
          className="stone"
        />
        <div
          className="stone-half"
        />
        <div
          className="stone"
        />
        <div
          className="stone-half"
        />
        <div
          className="stone"
        />
        <div
          className="stone"
        />
        <div
          className="stone-half"
        />
        <div
          className="stone"
        />
        <div
          className="stone-half"
        />
      </div>
      <div
        className="wall"
      >
        <div
          className="stone"
        />
        <div
          className="stone"
        />
        <div
          className="stone-half"
        />
        <div
          className="stone"
        />
        <div
          className="stone-half"
        />
        <div
          className="stone"
        />
        <div
          className="stone"
        />
        <div
          className="stone-half"
        />
        <div
          className="stone"
        />
        <div
          className="stone-half"
        />
      </div>
    </div>
    <div
      className="row"
      tabIndex="1"
    >
      <div
        className="wall"
      >
        <div
          className="stone"
        />
        <div
          className="stone"
        />
        <div
          className="stone-half"
        />
        <div
          className="stone"
        />
        <div
          className="stone-half"
        />
        <div
          className="stone"
        />
        <div
          className="stone"
        />
        <div
          className="stone-half"
        />
        <div
          className="stone"
        />
        <div
          className="stone-half"
        />
      </div>
      <div
        className="way pill"
      >
        <div />
      </div>
      <div
        className="way feed"
      >
        <div />
      </div>
      <div
        className="way feed"
      >
        <div />
      </div>
      <div
        className="way feed"
      >
        <div />
      </div>
      <div
        className="way feed"
      >
        <div />
      </div>
      <div
        className="wall"
      >
        <div
          className="stone"
        />
        <div
          className="stone"
        />
        <div
          className="stone-half"
        />
        <div
          className="stone"
        />
        <div
          className="stone-half"
        />
        <div
          className="stone"
        />
        <div
          className="stone"
        />
        <div
          className="stone-half"
        />
        <div
          className="stone"
        />
        <div
          className="stone-half"
        />
      </div>
      <div
        className="way feed"
      >
        <div />
      </div>
      <div
        className="way feed"
      >
        <div />
      </div>
      <div
        className="way feed"
      >
        <div />
      </div>
      <div
        className="way feed"
      >
        <div />
      </div>
      <div
        className="way pill"
      >
        <div />
      </div>
      <div
        className="wall"
      >
        <div
          className="stone"
        />
        <div
          className="stone"
        />
        <div
          className="stone-half"
        />
        <div
          className="stone"
        />
        <div
          className="stone-half"
        />
        <div
          className="stone"
        />
        <div
          className="stone"
        />
        <div
          className="stone-half"
        />
        <div
          className="stone"
        />
        <div
          className="stone-half"
        />
      </div>
    </div>
    <div
      className="row"
      tabIndex="1"
    >
      <div
        className="wall"
      >
        <div
          className="stone"
        />
        <div
          className="stone"
        />
        <div
          className="stone-half"
        />
        <div
          className="stone"
        />
        <div
          className="stone-half"
        />
        <div
          className="stone"
        />
        <div
          className="stone"
        />
        <div
          className="stone-half"
        />
        <div
          className="stone"
        />
        <div
          className="stone-half"
        />
      </div>
      <div
        className="way feed"
      >
        <div />
      </div>
      <div
        className="wall"
      >
        <div
          className="stone"
        />
        <div
          className="stone"
        />
        <div
          className="stone-half"
        />
        <div
          className="stone"
        />
        <div
          className="stone-half"
        />
        <div
          className="stone"
        />
        <div
          className="stone"
        />
        <div
          className="stone-half"
        />
        <div
          className="stone"
        />
        <div
          className="stone-half"
        />
      </div>
      <div
        className="wall"
      >
        <div
          className="stone"
        />
        <div
          className="stone"
        />
        <div
          className="stone-half"
        />
        <div
          className="stone"
        />
        <div
          className="stone-half"
        />
        <div
          className="stone"
        />
        <div
          className="stone"
        />
        <div
          className="stone-half"
        />
        <div
          className="stone"
        />
        <div
          className="stone-half"
        />
      </div>
      <div
        className="wall"
      >
        <div
          className="stone"
        />
        <div
          className="stone"
        />
        <div
          className="stone-half"
        />
        <div
          className="stone"
        />
        <div
          className="stone-half"
        />
        <div
          className="stone"
        />
        <div
          className="stone"
        />
        <div
          className="stone-half"
        />
        <div
          className="stone"
        />
        <div
          className="stone-half"
        />
      </div>
      <div
        className="way feed"
      >
        <div />
      </div>
      <div
        className="wall"
      >
        <div
          className="stone"
        />
        <div
          className="stone"
        />
        <div
          className="stone-half"
        />
        <div
          className="stone"
        />
        <div
          className="stone-half"
        />
        <div
          className="stone"
        />
        <div
          className="stone"
        />
        <div
          className="stone-half"
        />
        <div
          className="stone"
        />
        <div
          className="stone-half"
        />
      </div>
      <div
        className="way feed"
      >
        <div />
      </div>
      <div
        className="wall"
      >
        <div
          className="stone"
        />
        <div
          className="stone"
        />
        <div
          className="stone-half"
        />
        <div
          className="stone"
        />
        <div
          className="stone-half"
        />
        <div
          className="stone"
        />
        <div
          className="stone"
        />
        <div
          className="stone-half"
        />
        <div
          className="stone"
        />
        <div
          className="stone-half"
        />
      </div>
      <div
        className="wall"
      >
        <div
          className="stone"
        />
        <div
          className="stone"
        />
        <div
          className="stone-half"
        />
        <div
          className="stone"
        />
        <div
          className="stone-half"
        />
        <div
          className="stone"
        />
        <div
          className="stone"
        />
        <div
          className="stone-half"
        />
        <div
          className="stone"
        />
        <div
          className="stone-half"
        />
      </div>
      <div
        className="wall"
      >
        <div
          className="stone"
        />
        <div
          className="stone"
        />
        <div
          className="stone-half"
        />
        <div
          className="stone"
        />
        <div
          className="stone-half"
        />
        <div
          className="stone"
        />
        <div
          className="stone"
        />
        <div
          className="stone-half"
        />
        <div
          className="stone"
        />
        <div
          className="stone-half"
        />
      </div>
      <div
        className="way feed"
      >
        <div />
      </div>
      <div
        className="wall"
      >
        <div
          className="stone"
        />
        <div
          className="stone"
        />
        <div
          className="stone-half"
        />
        <div
          className="stone"
        />
        <div
          className="stone-half"
        />
        <div
          className="stone"
        />
        <div
          className="stone"
        />
        <div
          className="stone-half"
        />
        <div
          className="stone"
        />
        <div
          className="stone-half"
        />
      </div>
    </div>
    <div
      className="row"
      tabIndex="1"
    >
      <div
        className="wall"
      >
        <div
          className="stone"
        />
        <div
          className="stone"
        />
        <div
          className="stone-half"
        />
        <div
          className="stone"
        />
        <div
          className="stone-half"
        />
        <div
          className="stone"
        />
        <div
          className="stone"
        />
        <div
          className="stone-half"
        />
        <div
          className="stone"
        />
        <div
          className="stone-half"
        />
      </div>
      <div
        className="way feed"
      >
        <div />
      </div>
      <div
        className="way feed"
      >
        <div />
      </div>
      <div
        className="way feed"
      >
        <div />
      </div>
      <div
        className="way feed"
      >
        <div />
      </div>
      <div
        className="way feed"
      >
        <div />
      </div>
      <div
        className="wall"
      >
        <div
          className="stone"
        />
        <div
          className="stone"
        />
        <div
          className="stone-half"
        />
        <div
          className="stone"
        />
        <div
          className="stone-half"
        />
        <div
          className="stone"
        />
        <div
          className="stone"
        />
        <div
          className="stone-half"
        />
        <div
          className="stone"
        />
        <div
          className="stone-half"
        />
      </div>
      <div
        className="way feed"
      >
        <div />
      </div>
      <div
        className="way feed"
      >
        <div />
      </div>
      <div
        className="way feed"
      >
        <div />
      </div>
      <div
        className="way feed"
      >
        <div />
      </div>
      <div
        className="way feed"
      >
        <div />
      </div>
      <div
        className="wall"
      >
        <div
          className="stone"
        />
        <div
          className="stone"
        />
        <div
          className="stone-half"
        />
        <div
          className="stone"
        />
        <div
          className="stone-half"
        />
        <div
          className="stone"
        />
        <div
          className="stone"
        />
        <div
          className="stone-half"
        />
        <div
          className="stone"
        />
        <div
          className="stone-half"
        />
      </div>
    </div>
    <div
      className="row"
      tabIndex="1"
    >
      <div
        className="wall"
      >
        <div
          className="stone"
        />
        <div
          className="stone"
        />
        <div
          className="stone-half"
        />
        <div
          className="stone"
        />
        <div
          className="stone-half"
        />
        <div
          className="stone"
        />
        <div
          className="stone"
        />
        <div
          className="stone-half"
        />
        <div
          className="stone"
        />
        <div
          className="stone-half"
        />
      </div>
      <div
        className="way feed"
      >
        <div />
      </div>
      <div
        className="wall"
      >
        <div
          className="stone"
        />
        <div
          className="stone"
        />
        <div
          className="stone-half"
        />
        <div
          className="stone"
        />
        <div
          className="stone-half"
        />
        <div
          className="stone"
        />
        <div
          className="stone"
        />
        <div
          className="stone-half"
        />
        <div
          className="stone"
        />
        <div
          className="stone-half"
        />
      </div>
      <div
        className="way empty"
      >
        <div />
      </div>
      <div
        className="way empty"
      >
        <div />
      </div>
      <div
        className="way empty"
      >
        <div />
      </div>
      <div
        className="way empty"
      >
        <div />
      </div>
      <div
        className="way empty"
      >
        <div />
      </div>
      <div
        className="way empty"
      >
        <div />
      </div>
      <div
        className="way empty"
      >
        <div />
      </div>
      <div
        className="wall"
      >
        <div
          className="stone"
        />
        <div
          className="stone"
        />
        <div
          className="stone-half"
        />
        <div
          className="stone"
        />
        <div
          className="stone-half"
        />
        <div
          className="stone"
        />
        <div
          className="stone"
        />
        <div
          className="stone-half"
        />
        <div
          className="stone"
        />
        <div
          className="stone-half"
        />
      </div>
      <div
        className="way feed"
      >
        <div />
      </div>
      <div
        className="wall"
      >
        <div
          className="stone"
        />
        <div
          className="stone"
        />
        <div
          className="stone-half"
        />
        <div
          className="stone"
        />
        <div
          className="stone-half"
        />
        <div
          className="stone"
        />
        <div
          className="stone"
        />
        <div
          className="stone-half"
        />
        <div
          className="stone"
        />
        <div
          className="stone-half"
        />
      </div>
    </div>
    <div
      className="row"
      tabIndex="1"
    >
      <div
        className="wall"
      >
        <div
          className="stone"
        />
        <div
          className="stone"
        />
        <div
          className="stone-half"
        />
        <div
          className="stone"
        />
        <div
          className="stone-half"
        />
        <div
          className="stone"
        />
        <div
          className="stone"
        />
        <div
          className="stone-half"
        />
        <div
          className="stone"
        />
        <div
          className="stone-half"
        />
      </div>
      <div
        className="way feed"
      >
        <div />
      </div>
      <div
        className="wall"
      >
        <div
          className="stone"
        />
        <div
          className="stone"
        />
        <div
          className="stone-half"
        />
        <div
          className="stone"
        />
        <div
          className="stone-half"
        />
        <div
          className="stone"
        />
        <div
          className="stone"
        />
        <div
          className="stone-half"
        />
        <div
          className="stone"
        />
        <div
          className="stone-half"
        />
      </div>
      <div
        className="way empty"
      >
        <div />
      </div>
      <div
        className="wall"
      >
        <div
          className="stone"
        />
        <div
          className="stone"
        />
        <div
          className="stone-half"
        />
        <div
          className="stone"
        />
        <div
          className="stone-half"
        />
        <div
          className="stone"
        />
        <div
          className="stone"
        />
        <div
          className="stone-half"
        />
        <div
          className="stone"
        />
        <div
          className="stone-half"
        />
      </div>
      <div
        className="gates"
      >
        <div />
      </div>
      <div
        className="gates"
      >
        <div />
      </div>
      <div
        className="gates"
      >
        <div />
      </div>
      <div
        className="wall"
      >
        <div
          className="stone"
        />
        <div
          className="stone"
        />
        <div
          className="stone-half"
        />
        <div
          className="stone"
        />
        <div
          className="stone-half"
        />
        <div
          className="stone"
        />
        <div
          className="stone"
        />
        <div
          className="stone-half"
        />
        <div
          className="stone"
        />
        <div
          className="stone-half"
        />
      </div>
      <div
        className="way empty"
      >
        <div />
      </div>
      <div
        className="wall"
      >
        <div
          className="stone"
        />
        <div
          className="stone"
        />
        <div
          className="stone-half"
        />
        <div
          className="stone"
        />
        <div
          className="stone-half"
        />
        <div
          className="stone"
        />
        <div
          className="stone"
        />
        <div
          className="stone-half"
        />
        <div
          className="stone"
        />
        <div
          className="stone-half"
        />
      </div>
      <div
        className="way feed"
      >
        <div />
      </div>
      <div
        className="wall"
      >
        <div
          className="stone"
        />
        <div
          className="stone"
        />
        <div
          className="stone-half"
        />
        <div
          className="stone"
        />
        <div
          className="stone-half"
        />
        <div
          className="stone"
        />
        <div
          className="stone"
        />
        <div
          className="stone-half"
        />
        <div
          className="stone"
        />
        <div
          className="stone-half"
        />
      </div>
    </div>
    <div
      className="row"
      tabIndex="1"
    >
      <div
        className="way empty"
      >
        <div />
      </div>
      <div
        className="way feed"
      >
        <div />
      </div>
      <div
        className="wall"
      >
        <div
          className="stone"
        />
        <div
          className="stone"
        />
        <div
          className="stone-half"
        />
        <div
          className="stone"
        />
        <div
          className="stone-half"
        />
        <div
          className="stone"
        />
        <div
          className="stone"
        />
        <div
          className="stone-half"
        />
        <div
          className="stone"
        />
        <div
          className="stone-half"
        />
      </div>
      <div
        className="way empty"
      >
        <div />
      </div>
      <div
        className="wall"
      >
        <div
          className="stone"
        />
        <div
          className="stone"
        />
        <div
          className="stone-half"
        />
        <div
          className="stone"
        />
        <div
          className="stone-half"
        />
        <div
          className="stone"
        />
        <div
          className="stone"
        />
        <div
          className="stone-half"
        />
        <div
          className="stone"
        />
        <div
          className="stone-half"
        />
      </div>
      <div
        className="way empty"
      >
        <div />
      </div>
      <div
        className="way empty"
      >
        <div />
      </div>
      <div
        className="way empty"
      >
        <div />
      </div>
      <div
        className="wall"
      >
        <div
          className="stone"
        />
        <div
          className="stone"
        />
        <div
          className="stone-half"
        />
        <div
          className="stone"
        />
        <div
          className="stone-half"
        />
        <div
          className="stone"
        />
        <div
          className="stone"
        />
        <div
          className="stone-half"
        />
        <div
          className="stone"
        />
        <div
          className="stone-half"
        />
      </div>
      <div
        className="way empty"
      >
        <div />
      </div>
      <div
        className="wall"
      >
        <div
          className="stone"
        />
        <div
          className="stone"
        />
        <div
          className="stone-half"
        />
        <div
          className="stone"
        />
        <div
          className="stone-half"
        />
        <div
          className="stone"
        />
        <div
          className="stone"
        />
        <div
          className="stone-half"
        />
        <div
          className="stone"
        />
        <div
          className="stone-half"
        />
      </div>
      <div
        className="way feed"
      >
        <div />
      </div>
      <div
        className="way empty"
      >
        <div />
      </div>
    </div>
    <div
      className="row"
      tabIndex="1"
    >
      <div
        className="wall"
      >
        <div
          className="stone"
        />
        <div
          className="stone"
        />
        <div
          className="stone-half"
        />
        <div
          className="stone"
        />
        <div
          className="stone-half"
        />
        <div
          className="stone"
        />
        <div
          className="stone"
        />
        <div
          className="stone-half"
        />
        <div
          className="stone"
        />
        <div
          className="stone-half"
        />
      </div>
      <div
        className="way feed"
      >
        <div />
      </div>
      <div
        className="wall"
      >
        <div
          className="stone"
        />
        <div
          className="stone"
        />
        <div
          className="stone-half"
        />
        <div
          className="stone"
        />
        <div
          className="stone-half"
        />
        <div
          className="stone"
        />
        <div
          className="stone"
        />
        <div
          className="stone-half"
        />
        <div
          className="stone"
        />
        <div
          className="stone-half"
        />
      </div>
      <div
        className="way empty"
      >
        <div />
      </div>
      <div
        className="wall"
      >
        <div
          className="stone"
        />
        <div
          className="stone"
        />
        <div
          className="stone-half"
        />
        <div
          className="stone"
        />
        <div
          className="stone-half"
        />
        <div
          className="stone"
        />
        <div
          className="stone"
        />
        <div
          className="stone-half"
        />
        <div
          className="stone"
        />
        <div
          className="stone-half"
        />
      </div>
      <div
        className="wall"
      >
        <div
          className="stone"
        />
        <div
          className="stone"
        />
        <div
          className="stone-half"
        />
        <div
          className="stone"
        />
        <div
          className="stone-half"
        />
        <div
          className="stone"
        />
        <div
          className="stone"
        />
        <div
          className="stone-half"
        />
        <div
          className="stone"
        />
        <div
          className="stone-half"
        />
      </div>
      <div
        className="wall"
      >
        <div
          className="stone"
        />
        <div
          className="stone"
        />
        <div
          className="stone-half"
        />
        <div
          className="stone"
        />
        <div
          className="stone-half"
        />
        <div
          className="stone"
        />
        <div
          className="stone"
        />
        <div
          className="stone-half"
        />
        <div
          className="stone"
        />
        <div
          className="stone-half"
        />
      </div>
      <div
        className="wall"
      >
        <div
          className="stone"
        />
        <div
          className="stone"
        />
        <div
          className="stone-half"
        />
        <div
          className="stone"
        />
        <div
          className="stone-half"
        />
        <div
          className="stone"
        />
        <div
          className="stone"
        />
        <div
          className="stone-half"
        />
        <div
          className="stone"
        />
        <div
          className="stone-half"
        />
      </div>
      <div
        className="wall"
      >
        <div
          className="stone"
        />
        <div
          className="stone"
        />
        <div
          className="stone-half"
        />
        <div
          className="stone"
        />
        <div
          className="stone-half"
        />
        <div
          className="stone"
        />
        <div
          className="stone"
        />
        <div
          className="stone-half"
        />
        <div
          className="stone"
        />
        <div
          className="stone-half"
        />
      </div>
      <div
        className="way empty"
      >
        <div />
      </div>
      <div
        className="wall"
      >
        <div
          className="stone"
        />
        <div
          className="stone"
        />
        <div
          className="stone-half"
        />
        <div
          className="stone"
        />
        <div
          className="stone-half"
        />
        <div
          className="stone"
        />
        <div
          className="stone"
        />
        <div
          className="stone-half"
        />
        <div
          className="stone"
        />
        <div
          className="stone-half"
        />
      </div>
      <div
        className="way feed"
      >
        <div />
      </div>
      <div
        className="wall"
      >
        <div
          className="stone"
        />
        <div
          className="stone"
        />
        <div
          className="stone-half"
        />
        <div
          className="stone"
        />
        <div
          className="stone-half"
        />
        <div
          className="stone"
        />
        <div
          className="stone"
        />
        <div
          className="stone-half"
        />
        <div
          className="stone"
        />
        <div
          className="stone-half"
        />
      </div>
    </div>
    <div
      className="row"
      tabIndex="1"
    >
      <div
        className="wall"
      >
        <div
          className="stone"
        />
        <div
          className="stone"
        />
        <div
          className="stone-half"
        />
        <div
          className="stone"
        />
        <div
          className="stone-half"
        />
        <div
          className="stone"
        />
        <div
          className="stone"
        />
        <div
          className="stone-half"
        />
        <div
          className="stone"
        />
        <div
          className="stone-half"
        />
      </div>
      <div
        className="way feed"
      >
        <div />
      </div>
      <div
        className="wall"
      >
        <div
          className="stone"
        />
        <div
          className="stone"
        />
        <div
          className="stone-half"
        />
        <div
          className="stone"
        />
        <div
          className="stone-half"
        />
        <div
          className="stone"
        />
        <div
          className="stone"
        />
        <div
          className="stone-half"
        />
        <div
          className="stone"
        />
        <div
          className="stone-half"
        />
      </div>
      <div
        className="way feed"
      >
        <div />
      </div>
      <div
        className="way feed"
      >
        <div />
      </div>
      <div
        className="way feed"
      >
        <div />
      </div>
      <div
        className="way empty"
      >
        <div />
      </div>
      <div
        className="way feed"
      >
        <div />
      </div>
      <div
        className="way feed"
      >
        <div />
      </div>
      <div
        className="way feed"
      >
        <div />
      </div>
      <div
        className="wall"
      >
        <div
          className="stone"
        />
        <div
          className="stone"
        />
        <div
          className="stone-half"
        />
        <div
          className="stone"
        />
        <div
          className="stone-half"
        />
        <div
          className="stone"
        />
        <div
          className="stone"
        />
        <div
          className="stone-half"
        />
        <div
          className="stone"
        />
        <div
          className="stone-half"
        />
      </div>
      <div
        className="way feed"
      >
        <div />
      </div>
      <div
        className="wall"
      >
        <div
          className="stone"
        />
        <div
          className="stone"
        />
        <div
          className="stone-half"
        />
        <div
          className="stone"
        />
        <div
          className="stone-half"
        />
        <div
          className="stone"
        />
        <div
          className="stone"
        />
        <div
          className="stone-half"
        />
        <div
          className="stone"
        />
        <div
          className="stone-half"
        />
      </div>
    </div>
    <div
      className="row"
      tabIndex="1"
    >
      <div
        className="wall"
      >
        <div
          className="stone"
        />
        <div
          className="stone"
        />
        <div
          className="stone-half"
        />
        <div
          className="stone"
        />
        <div
          className="stone-half"
        />
        <div
          className="stone"
        />
        <div
          className="stone"
        />
        <div
          className="stone-half"
        />
        <div
          className="stone"
        />
        <div
          className="stone-half"
        />
      </div>
      <div
        className="way feed"
      >
        <div />
      </div>
      <div
        className="way feed"
      >
        <div />
      </div>
      <div
        className="way feed"
      >
        <div />
      </div>
      <div
        className="way feed"
      >
        <div />
      </div>
      <div
        className="way feed"
      >
        <div />
      </div>
      <div
        className="wall"
      >
        <div
          className="stone"
        />
        <div
          className="stone"
        />
        <div
          className="stone-half"
        />
        <div
          className="stone"
        />
        <div
          className="stone-half"
        />
        <div
          className="stone"
        />
        <div
          className="stone"
        />
        <div
          className="stone-half"
        />
        <div
          className="stone"
        />
        <div
          className="stone-half"
        />
      </div>
      <div
        className="way feed"
      >
        <div />
      </div>
      <div
        className="way feed"
      >
        <div />
      </div>
      <div
        className="way feed"
      >
        <div />
      </div>
      <div
        className="way feed"
      >
        <div />
      </div>
      <div
        className="way feed"
      >
        <div />
      </div>
      <div
        className="wall"
      >
        <div
          className="stone"
        />
        <div
          className="stone"
        />
        <div
          className="stone-half"
        />
        <div
          className="stone"
        />
        <div
          className="stone-half"
        />
        <div
          className="stone"
        />
        <div
          className="stone"
        />
        <div
          className="stone-half"
        />
        <div
          className="stone"
        />
        <div
          className="stone-half"
        />
      </div>
    </div>
    <div
      className="row"
      tabIndex="1"
    >
      <div
        className="wall"
      >
        <div
          className="stone"
        />
        <div
          className="stone"
        />
        <div
          className="stone-half"
        />
        <div
          className="stone"
        />
        <div
          className="stone-half"
        />
        <div
          className="stone"
        />
        <div
          className="stone"
        />
        <div
          className="stone-half"
        />
        <div
          className="stone"
        />
        <div
          className="stone-half"
        />
      </div>
      <div
        className="way feed"
      >
        <div />
      </div>
      <div
        className="wall"
      >
        <div
          className="stone"
        />
        <div
          className="stone"
        />
        <div
          className="stone-half"
        />
        <div
          className="stone"
        />
        <div
          className="stone-half"
        />
        <div
          className="stone"
        />
        <div
          className="stone"
        />
        <div
          className="stone-half"
        />
        <div
          className="stone"
        />
        <div
          className="stone-half"
        />
      </div>
      <div
        className="wall"
      >
        <div
          className="stone"
        />
        <div
          className="stone"
        />
        <div
          className="stone-half"
        />
        <div
          className="stone"
        />
        <div
          className="stone-half"
        />
        <div
          className="stone"
        />
        <div
          className="stone"
        />
        <div
          className="stone-half"
        />
        <div
          className="stone"
        />
        <div
          className="stone-half"
        />
      </div>
      <div
        className="wall"
      >
        <div
          className="stone"
        />
        <div
          className="stone"
        />
        <div
          className="stone-half"
        />
        <div
          className="stone"
        />
        <div
          className="stone-half"
        />
        <div
          className="stone"
        />
        <div
          className="stone"
        />
        <div
          className="stone-half"
        />
        <div
          className="stone"
        />
        <div
          className="stone-half"
        />
      </div>
      <div
        className="way feed"
      >
        <div />
      </div>
      <div
        className="wall"
      >
        <div
          className="stone"
        />
        <div
          className="stone"
        />
        <div
          className="stone-half"
        />
        <div
          className="stone"
        />
        <div
          className="stone-half"
        />
        <div
          className="stone"
        />
        <div
          className="stone"
        />
        <div
          className="stone-half"
        />
        <div
          className="stone"
        />
        <div
          className="stone-half"
        />
      </div>
      <div
        className="way feed"
      >
        <div />
      </div>
      <div
        className="wall"
      >
        <div
          className="stone"
        />
        <div
          className="stone"
        />
        <div
          className="stone-half"
        />
        <div
          className="stone"
        />
        <div
          className="stone-half"
        />
        <div
          className="stone"
        />
        <div
          className="stone"
        />
        <div
          className="stone-half"
        />
        <div
          className="stone"
        />
        <div
          className="stone-half"
        />
      </div>
      <div
        className="wall"
      >
        <div
          className="stone"
        />
        <div
          className="stone"
        />
        <div
          className="stone-half"
        />
        <div
          className="stone"
        />
        <div
          className="stone-half"
        />
        <div
          className="stone"
        />
        <div
          className="stone"
        />
        <div
          className="stone-half"
        />
        <div
          className="stone"
        />
        <div
          className="stone-half"
        />
      </div>
      <div
        className="wall"
      >
        <div
          className="stone"
        />
        <div
          className="stone"
        />
        <div
          className="stone-half"
        />
        <div
          className="stone"
        />
        <div
          className="stone-half"
        />
        <div
          className="stone"
        />
        <div
          className="stone"
        />
        <div
          className="stone-half"
        />
        <div
          className="stone"
        />
        <div
          className="stone-half"
        />
      </div>
      <div
        className="way feed"
      >
        <div />
      </div>
      <div
        className="wall"
      >
        <div
          className="stone"
        />
        <div
          className="stone"
        />
        <div
          className="stone-half"
        />
        <div
          className="stone"
        />
        <div
          className="stone-half"
        />
        <div
          className="stone"
        />
        <div
          className="stone"
        />
        <div
          className="stone-half"
        />
        <div
          className="stone"
        />
        <div
          className="stone-half"
        />
      </div>
    </div>
    <div
      className="row"
      tabIndex="1"
    >
      <div
        className="wall"
      >
        <div
          className="stone"
        />
        <div
          className="stone"
        />
        <div
          className="stone-half"
        />
        <div
          className="stone"
        />
        <div
          className="stone-half"
        />
        <div
          className="stone"
        />
        <div
          className="stone"
        />
        <div
          className="stone-half"
        />
        <div
          className="stone"
        />
        <div
          className="stone-half"
        />
      </div>
      <div
        className="way pill"
      >
        <div />
      </div>
      <div
        className="way feed"
      >
        <div />
      </div>
      <div
        className="way feed"
      >
        <div />
      </div>
      <div
        className="way feed"
      >
        <div />
      </div>
      <div
        className="way feed"
      >
        <div />
      </div>
      <div
        className="wall"
      >
        <div
          className="stone"
        />
        <div
          className="stone"
        />
        <div
          className="stone-half"
        />
        <div
          className="stone"
        />
        <div
          className="stone-half"
        />
        <div
          className="stone"
        />
        <div
          className="stone"
        />
        <div
          className="stone-half"
        />
        <div
          className="stone"
        />
        <div
          className="stone-half"
        />
      </div>
      <div
        className="way feed"
      >
        <div />
      </div>
      <div
        className="way feed"
      >
        <div />
      </div>
      <div
        className="way feed"
      >
        <div />
      </div>
      <div
        className="way feed"
      >
        <div />
      </div>
      <div
        className="way pill"
      >
        <div />
      </div>
      <div
        className="wall"
      >
        <div
          className="stone"
        />
        <div
          className="stone"
        />
        <div
          className="stone-half"
        />
        <div
          className="stone"
        />
        <div
          className="stone-half"
        />
        <div
          className="stone"
        />
        <div
          className="stone"
        />
        <div
          className="stone-half"
        />
        <div
          className="stone"
        />
        <div
          className="stone-half"
        />
      </div>
    </div>
    <div
      className="row"
      tabIndex="1"
    >
      <div
        className="wall"
      >
        <div
          className="stone"
        />
        <div
          className="stone"
        />
        <div
          className="stone-half"
        />
        <div
          className="stone"
        />
        <div
          className="stone-half"
        />
        <div
          className="stone"
        />
        <div
          className="stone"
        />
        <div
          className="stone-half"
        />
        <div
          className="stone"
        />
        <div
          className="stone-half"
        />
      </div>
      <div
        className="wall"
      >
        <div
          className="stone"
        />
        <div
          className="stone"
        />
        <div
          className="stone-half"
        />
        <div
          className="stone"
        />
        <div
          className="stone-half"
        />
        <div
          className="stone"
        />
        <div
          className="stone"
        />
        <div
          className="stone-half"
        />
        <div
          className="stone"
        />
        <div
          className="stone-half"
        />
      </div>
      <div
        className="wall"
      >
        <div
          className="stone"
        />
        <div
          className="stone"
        />
        <div
          className="stone-half"
        />
        <div
          className="stone"
        />
        <div
          className="stone-half"
        />
        <div
          className="stone"
        />
        <div
          className="stone"
        />
        <div
          className="stone-half"
        />
        <div
          className="stone"
        />
        <div
          className="stone-half"
        />
      </div>
      <div
        className="wall"
      >
        <div
          className="stone"
        />
        <div
          className="stone"
        />
        <div
          className="stone-half"
        />
        <div
          className="stone"
        />
        <div
          className="stone-half"
        />
        <div
          className="stone"
        />
        <div
          className="stone"
        />
        <div
          className="stone-half"
        />
        <div
          className="stone"
        />
        <div
          className="stone-half"
        />
      </div>
      <div
        className="wall"
      >
        <div
          className="stone"
        />
        <div
          className="stone"
        />
        <div
          className="stone-half"
        />
        <div
          className="stone"
        />
        <div
          className="stone-half"
        />
        <div
          className="stone"
        />
        <div
          className="stone"
        />
        <div
          className="stone-half"
        />
        <div
          className="stone"
        />
        <div
          className="stone-half"
        />
      </div>
      <div
        className="wall"
      >
        <div
          className="stone"
        />
        <div
          className="stone"
        />
        <div
          className="stone-half"
        />
        <div
          className="stone"
        />
        <div
          className="stone-half"
        />
        <div
          className="stone"
        />
        <div
          className="stone"
        />
        <div
          className="stone-half"
        />
        <div
          className="stone"
        />
        <div
          className="stone-half"
        />
      </div>
      <div
        className="wall"
      >
        <div
          className="stone"
        />
        <div
          className="stone"
        />
        <div
          className="stone-half"
        />
        <div
          className="stone"
        />
        <div
          className="stone-half"
        />
        <div
          className="stone"
        />
        <div
          className="stone"
        />
        <div
          className="stone-half"
        />
        <div
          className="stone"
        />
        <div
          className="stone-half"
        />
      </div>
      <div
        className="wall"
      >
        <div
          className="stone"
        />
        <div
          className="stone"
        />
        <div
          className="stone-half"
        />
        <div
          className="stone"
        />
        <div
          className="stone-half"
        />
        <div
          className="stone"
        />
        <div
          className="stone"
        />
        <div
          className="stone-half"
        />
        <div
          className="stone"
        />
        <div
          className="stone-half"
        />
      </div>
      <div
        className="wall"
      >
        <div
          className="stone"
        />
        <div
          className="stone"
        />
        <div
          className="stone-half"
        />
        <div
          className="stone"
        />
        <div
          className="stone-half"
        />
        <div
          className="stone"
        />
        <div
          className="stone"
        />
        <div
          className="stone-half"
        />
        <div
          className="stone"
        />
        <div
          className="stone-half"
        />
      </div>
      <div
        className="wall"
      >
        <div
          className="stone"
        />
        <div
          className="stone"
        />
        <div
          className="stone-half"
        />
        <div
          className="stone"
        />
        <div
          className="stone-half"
        />
        <div
          className="stone"
        />
        <div
          className="stone"
        />
        <div
          className="stone-half"
        />
        <div
          className="stone"
        />
        <div
          className="stone-half"
        />
      </div>
      <div
        className="wall"
      >
        <div
          className="stone"
        />
        <div
          className="stone"
        />
        <div
          className="stone-half"
        />
        <div
          className="stone"
        />
        <div
          className="stone-half"
        />
        <div
          className="stone"
        />
        <div
          className="stone"
        />
        <div
          className="stone-half"
        />
        <div
          className="stone"
        />
        <div
          className="stone-half"
        />
      </div>
      <div
        className="wall"
      >
        <div
          className="stone"
        />
        <div
          className="stone"
        />
        <div
          className="stone-half"
        />
        <div
          className="stone"
        />
        <div
          className="stone-half"
        />
        <div
          className="stone"
        />
        <div
          className="stone"
        />
        <div
          className="stone-half"
        />
        <div
          className="stone"
        />
        <div
          className="stone-half"
        />
      </div>
      <div
        className="wall"
      >
        <div
          className="stone"
        />
        <div
          className="stone"
        />
        <div
          className="stone-half"
        />
        <div
          className="stone"
        />
        <div
          className="stone-half"
        />
        <div
          className="stone"
        />
        <div
          className="stone"
        />
        <div
          className="stone-half"
        />
        <div
          className="stone"
        />
        <div
          className="stone-half"
        />
      </div>
    </div>
  </div>
</div>
`;
