// Jest Snapshot v1, https://goo.gl/fbAQLP

exports[`Breaks tests Breaks renders without crashing 1`] = `
<div
  className="wall"
>
  <div
    className="stone"
  />
  <div
    className="stone"
  />
  <div
    className="stone-half"
  />
  <div
    className="stone"
  />
  <div
    className="stone-half"
  />
  <div
    className="stone"
  />
  <div
    className="stone"
  />
  <div
    className="stone-half"
  />
  <div
    className="stone"
  />
  <div
    className="stone-half"
  />
</div>
`;
